---
source: crates/abp-core/tests/snapshot_comprehensive.rs
expression: value
---
{
  "checkpointing": "native",
  "hooks_post_tool_use": "native",
  "hooks_pre_tool_use": "native",
  "mcp_client": {
    "restricted": {
      "reason": "sandbox only"
    }
  },
  "mcp_server": {
    "restricted": {
      "reason": "experimental"
    }
  },
  "session_fork": "unsupported",
  "session_resume": "emulated",
  "streaming": "native",
  "structured_output_json_schema": "emulated",
  "tool_ask_user": "unsupported",
  "tool_bash": "unsupported",
  "tool_edit": "native",
  "tool_glob": "native",
  "tool_grep": "native",
  "tool_read": "native",
  "tool_web_fetch": "emulated",
  "tool_web_search": "emulated",
  "tool_write": "emulated"
}
