---
source: crates/abp-runtime/tests/pipeline_snapshots.rs
expression: trace_value
---
[
  {
    "message": "mock backend starting: snapshot test task",
    "ts": "[timestamp]",
    "type": "run_started"
  },
  {
    "text": "This is a mock backend. It does not call any real SDK.",
    "ts": "[timestamp]",
    "type": "assistant_message"
  },
  {
    "text": "Use --backend sidecar:<name> once you add a sidecar config.",
    "ts": "[timestamp]",
    "type": "assistant_message"
  },
  {
    "message": "mock run complete",
    "ts": "[timestamp]",
    "type": "run_completed"
  }
]
