---
source: tests/bridge_snapshot_exhaustive.rs
expression: "&candidate"
---
{
  "content": {
    "role": "model",
    "parts": [
      {
        "text": "Response text"
      }
    ]
  },
  "finishReason": "STOP",
  "safetyRatings": [
    {
      "category": "HARM_CATEGORY_HARASSMENT",
      "probability": "NEGLIGIBLE"
    },
    {
      "category": "HARM_CATEGORY_HATE_SPEECH",
      "probability": "LOW"
    },
    {
      "category": "HARM_CATEGORY_SEXUALLY_EXPLICIT",
      "probability": "NEGLIGIBLE"
    },
    {
      "category": "HARM_CATEGORY_DANGEROUS_CONTENT",
      "probability": "NEGLIGIBLE"
    }
  ],
  "citationMetadata": {
    "citationSources": [
      {
        "startIndex": 0,
        "endIndex": 50,
        "uri": "https://example.com/source",
        "license": "MIT"
      }
    ]
  }
}
