---
source: tests/contract_snapshot_exhaustive.rs
expression: wo
---
{
  "id": "[uuid]",
  "task": "defaults",
  "lane": "patch_first",
  "workspace": {
    "root": ".",
    "mode": "staged",
    "include": [],
    "exclude": []
  },
  "context": {
    "files": [],
    "snippets": []
  },
  "policy": {
    "allowed_tools": [],
    "disallowed_tools": [],
    "deny_read": [],
    "deny_write": [],
    "allow_network": [],
    "deny_network": [],
    "require_approval_for": []
  },
  "requirements": {
    "required": []
  },
  "config": {
    "model": null,
    "vendor": {},
    "env": {},
    "max_budget_usd": null,
    "max_turns": null
  }
}
