---
source: tests/module_snapshots.rs
expression: wo
---
{
  "id": "[UUID]",
  "task": "Fix the login bug",
  "lane": "patch_first",
  "workspace": {
    "root": "/tmp/workspace",
    "mode": "staged",
    "include": [],
    "exclude": []
  },
  "context": {
    "files": [],
    "snippets": []
  },
  "policy": {
    "allowed_tools": [],
    "disallowed_tools": [],
    "deny_read": [],
    "deny_write": [],
    "allow_network": [],
    "deny_network": [],
    "require_approval_for": []
  },
  "requirements": {
    "required": []
  },
  "config": {
    "model": "gpt-4o",
    "vendor": {},
    "env": {},
    "max_budget_usd": null,
    "max_turns": 10
  }
}
