---
source: tests/module_snapshots_v2.rs
expression: msg
---
{
  "algorithm": "gzip",
  "original_size": 11,
  "compressed_size": 32,
  "data": [
    1,
    31,
    139,
    8,
    0,
    0,
    0,
    0,
    0,
    0,
    255,
    203,
    72,
    205,
    201,
    201,
    87,
    40,
    207,
    47,
    202,
    73,
    1,
    0,
    133,
    17,
    74,
    13,
    11,
    0,
    0,
    0
  ]
}
