---
source: tests/sdk_snapshot_gallery.rs
expression: resp
---
{
  "candidates": [
    {
      "content": {
        "role": "model",
        "parts": [
          {
            "functionCall": {
              "name": "get_diagram",
              "args": {
                "topic": "chloroplast"
              }
            }
          }
        ]
      },
      "finishReason": "STOP"
    }
  ],
  "usageMetadata": {
    "promptTokenCount": 40,
    "candidatesTokenCount": 12,
    "totalTokenCount": 52
  }
}
