---
source: tests/sdk_conversion_snapshots.rs
expression: resp
---
{
  "candidates": [
    {
      "content": {
        "role": "model",
        "parts": [
          {
            "text": "Hello! I can help with that."
          }
        ]
      },
      "finish_reason": "STOP"
    }
  ],
  "usage_metadata": {
    "promptTokenCount": 100,
    "candidatesTokenCount": 50,
    "totalTokenCount": 150
  }
}
