---
source: tests/sdk_snapshot_gallery.rs
expression: resp
---
{
  "candidates": [
    {
      "content": {
        "role": "model",
        "parts": [
          {
            "text": "Photosynthesis converts light energy into chemical energy."
          }
        ]
      },
      "finishReason": "STOP",
      "safetyRatings": [
        {
          "category": "HARM_CATEGORY_HARASSMENT",
          "probability": "NEGLIGIBLE"
        }
      ]
    }
  ],
  "usageMetadata": {
    "promptTokenCount": 30,
    "candidatesTokenCount": 15,
    "totalTokenCount": 45
  }
}
