---
source: tests/sdk_serialization_snapshots.rs
expression: wo
---
{
  "id": "[uuid]",
  "task": "Explain ownership",
  "lane": "patch_first",
  "workspace": {
    "root": ".",
    "mode": "staged",
    "include": [],
    "exclude": []
  },
  "context": {
    "files": [],
    "snippets": []
  },
  "policy": {
    "allowed_tools": [],
    "disallowed_tools": [],
    "deny_read": [],
    "deny_write": [],
    "allow_network": [],
    "deny_network": [],
    "require_approval_for": []
  },
  "requirements": {
    "required": []
  },
  "config": {
    "model": "moonshot-v1-8k",
    "vendor": {
      "max_tokens": 2048,
      "temperature": 0.5
    },
    "env": {},
    "max_budget_usd": null,
    "max_turns": null
  }
}
