---
source: tests/sdk_snapshot_gallery.rs
expression: evt
---
{
  "type": "message_start",
  "message": {
    "id": "msg_stream01",
    "type": "message",
    "role": "assistant",
    "content": [],
    "model": "claude-sonnet-4-20250514",
    "usage": {
      "input_tokens": 50,
      "output_tokens": 0
    }
  }
}
