---
source: tests/sdk_serialization_snapshots.rs
expression: req
---
{
  "model": "gpt-4o",
  "messages": [
    {
      "role": "user",
      "content": "Search for auth code"
    }
  ],
  "tools": [
    {
      "type": "function",
      "function": {
        "name": "search",
        "description": "Search code",
        "parameters": {
          "type": "object"
        }
      }
    },
    {
      "type": "confirmation",
      "confirmation": {
        "id": "confirm_1",
        "title": "Confirm action",
        "message": "Are you sure?"
      }
    }
  ]
}
