---
source: tests/sdk_conversion_snapshots.rs
expression: wo
---
{
  "id": "[uuid]",
  "task": "Hello!",
  "lane": "patch_first",
  "workspace": {
    "root": ".",
    "mode": "staged",
    "include": [],
    "exclude": []
  },
  "context": {
    "files": [],
    "snippets": []
  },
  "policy": {
    "allowed_tools": [],
    "disallowed_tools": [],
    "deny_read": [],
    "deny_write": [],
    "allow_network": [],
    "deny_network": [],
    "require_approval_for": []
  },
  "requirements": {
    "required": []
  },
  "config": {
    "model": "claude-sonnet-4-20250514",
    "vendor": {
      "dialect": "claude",
      "max_tokens": 1024,
      "messages": [
        {
          "content": "Hello!",
          "role": "user"
        }
      ],
      "system": "You are a pirate. Always respond in pirate speak.",
      "temperature": 1.0
    },
    "env": {},
    "max_budget_usd": null,
    "max_turns": null
  }
}
