---
source: tests/sdk_serialization_snapshots.rs
expression: resp
---
{
  "candidates": [
    {
      "content": {
        "role": "model",
        "parts": [
          {
            "text": "The answer is 4."
          }
        ]
      },
      "finish_reason": "STOP"
    }
  ],
  "usage_metadata": {
    "promptTokenCount": 10,
    "candidatesTokenCount": 8,
    "totalTokenCount": 18
  }
}
