---
source: tests/shim_snapshot_exhaustive.rs
expression: resp
---
{
  "id": "msg_snap001",
  "type": "message",
  "role": "assistant",
  "content": [
    {
      "type": "text",
      "text": "Here is my analysis."
    }
  ],
  "model": "claude-sonnet-4-20250514",
  "stop_reason": "end_turn",
  "usage": {
    "input_tokens": 50,
    "output_tokens": 100
  }
}
