---
source: tests/shim_snapshot_exhaustive.rs
expression: resp
---
{
  "candidates": [
    {
      "content": {
        "role": "model",
        "parts": [
          {
            "text": "The weather is sunny."
          }
        ]
      },
      "finishReason": "STOP",
      "safetyRatings": [
        {
          "category": "HARM_CATEGORY_HARASSMENT",
          "probability": "NEGLIGIBLE"
        }
      ]
    }
  ],
  "usageMetadata": {
    "promptTokenCount": 20,
    "candidatesTokenCount": 15,
    "totalTokenCount": 35
  }
}
