---
source: tests/shim_snapshot_exhaustive.rs
expression: resp
---
{
  "id": "resp_snap002",
  "object": "response",
  "status": "completed",
  "model": "codex-mini-latest",
  "output": [
    {
      "type": "function_call",
      "id": "fc_001",
      "call_id": "call_abc",
      "name": "edit_file",
      "arguments": "{\"path\":\"src/main.rs\",\"content\":\"fn main() {}\"}"
    }
  ],
  "usage": {
    "input_tokens": 50,
    "output_tokens": 30,
    "total_tokens": 80
  }
}
