---
source: tests/shim_snapshot_exhaustive.rs
expression: event
---
{
  "type": "message_start",
  "message": {
    "id": "msg_snap002",
    "type": "message",
    "role": "assistant",
    "content": [],
    "model": "claude-sonnet-4-20250514",
    "usage": {
      "input_tokens": 25,
      "output_tokens": 0
    }
  }
}
