---
source: tests/snapshot_ir_translations.rs
expression: "&back"
---
{
  "model": "gemini-2.0-flash",
  "messages": [
    {
      "role": "user",
      "content": [
        {
          "type": "text",
          "text": "Summarize this"
        }
      ]
    }
  ],
  "max_tokens": 256,
  "sampling": {},
  "stream": {
    "enabled": false
  }
}
