---
source: tests/snapshot_ir_translations.rs
expression: "&ir"
---
{
  "choices": [
    {
      "index": 0,
      "message": {
        "role": "assistant",
        "content": [
          {
            "type": "text",
            "text": "Artificial intelligence is..."
          }
        ]
      },
      "finish_reason": "stop"
    }
  ],
  "usage": {
    "prompt_tokens": 30,
    "completion_tokens": 15,
    "total_tokens": 45
  }
}
