---
source: tests/snapshot_regression.rs
expression: report
---
{
  "compatible": true,
  "native_count": 2,
  "emulated_count": 1,
  "unsupported_count": 0,
  "summary": "2 native, 1 emulated, 0 unsupported — fully compatible",
  "details": [
    [
      "Streaming",
      {
        "level": "native"
      }
    ],
    [
      "ToolRead",
      {
        "level": "native"
      }
    ],
    [
      "ToolWrite",
      {
        "level": "emulated",
        "method": "adapter"
      }
    ]
  ]
}
