---
source: tests/snapshot_new_crates.rs
expression: codes
---
[
  "protocol_invalid_envelope",
  "protocol_unexpected_message",
  "protocol_version_mismatch",
  "backend_not_found",
  "backend_timeout",
  "backend_crashed",
  "capability_unsupported",
  "capability_emulation_failed",
  "policy_denied",
  "policy_invalid",
  "workspace_init_failed",
  "workspace_staging_failed",
  "ir_lowering_failed",
  "ir_invalid",
  "receipt_hash_mismatch",
  "receipt_chain_broken",
  "dialect_unknown",
  "dialect_mapping_failed",
  "config_invalid",
  "internal"
]
