---
source: tests/snapshot_expansion_tests.rs
expression: wo
---
{
  "id": "aaaaaaaa-bbbb-cccc-dddd-eeeeeeeeeeee",
  "task": "hello",
  "lane": "patch_first",
  "workspace": {
    "root": ".",
    "mode": "pass_through",
    "include": [],
    "exclude": []
  },
  "context": {
    "files": [],
    "snippets": []
  },
  "policy": {
    "allowed_tools": [],
    "disallowed_tools": [],
    "deny_read": [],
    "deny_write": [],
    "allow_network": [],
    "deny_network": [],
    "require_approval_for": []
  },
  "requirements": {
    "required": []
  },
  "config": {
    "model": null,
    "vendor": {},
    "env": {},
    "max_budget_usd": null,
    "max_turns": null
  }
}
