---
source: tests/snapshot_ir_translations.rs
expression: "&ir"
---
{
  "model": "claude-sonnet-4-20250514",
  "messages": [
    {
      "role": "user",
      "content": [
        {
          "type": "text",
          "text": "Hello"
        }
      ]
    }
  ],
  "config": {
    "max_tokens": 1024
  }
}
