---
source: tests/snapshot_tests.rs
expression: r
---
{
  "compatible": true,
  "native_count": 3,
  "emulated_count": 1,
  "unsupported_count": 0,
  "summary": "fully compatible (3 native, 1 emulated)",
  "details": [
    [
      "streaming",
      {
        "level": "native"
      }
    ],
    [
      "tool_use",
      {
        "level": "native"
      }
    ],
    [
      "extended_thinking",
      {
        "level": "emulated",
        "strategy": "adapter"
      }
    ]
  ]
}
