---
source: tests/snapshot_golden_comprehensive.rs
expression: v
---
{
  "extended_thinking": "unsupported",
  "mcp_client": {
    "restricted": {
      "reason": "experimental feature"
    }
  },
  "streaming": "native",
  "tool_bash": "native",
  "tool_edit": "native",
  "tool_glob": "native",
  "tool_grep": "native",
  "tool_read": "native",
  "tool_use": "emulated",
  "tool_write": "native"
}
