---
source: tests/snapshot_expansion_tests.rs
expression: resp
---
{
  "candidates": [
    {
      "content": {
        "role": "model",
        "parts": [
          {
            "text": "Hello! I'm Gemini."
          }
        ]
      },
      "finishReason": "STOP",
      "safetyRatings": [
        {
          "category": "HARM_CATEGORY_HARASSMENT",
          "probability": "NEGLIGIBLE"
        }
      ]
    }
  ],
  "usageMetadata": {
    "promptTokenCount": 10,
    "candidatesTokenCount": 8,
    "totalTokenCount": 18
  }
}
