---
source: tests/snapshot_expansion_tests.rs
expression: r
---
{
  "meta": {
    "run_id": "aaaaaaaa-bbbb-cccc-dddd-eeeeeeeeeeee",
    "work_order_id": "11111111-2222-3333-4444-555555555555",
    "contract_version": "abp/v0.1",
    "started_at": "2025-06-01T10:00:00Z",
    "finished_at": "2025-06-01T10:05:00Z",
    "duration_ms": 1000
  },
  "backend": {
    "id": "mock",
    "backend_version": null,
    "adapter_version": null
  },
  "capabilities": {},
  "mode": "passthrough",
  "usage_raw": {},
  "usage": {
    "input_tokens": null,
    "output_tokens": null,
    "cache_read_tokens": null,
    "cache_write_tokens": null,
    "request_units": null,
    "estimated_cost_usd": null
  },
  "trace": [],
  "artifacts": [],
  "verification": {
    "git_diff": null,
    "git_status": null,
    "harness_ok": false
  },
  "outcome": "complete",
  "receipt_sha256": "c2520996a09c4351d3ea15ed56deb3907110265fbfd879f59c3991b51555b41c"
}
