---
source: tests/snapshot_receipts.rs
expression: r
---
{
  "meta": {
    "run_id": "00000000-0000-4000-8000-000000000001",
    "work_order_id": "00000000-0000-4000-8000-000000000002",
    "contract_version": "abp/v0.1",
    "started_at": "2025-01-15T12:00:00Z",
    "finished_at": "2025-01-15T12:05:00Z",
    "duration_ms": 300000
  },
  "backend": {
    "id": "sidecar:claude",
    "backend_version": "3.5.0",
    "adapter_version": null
  },
  "capabilities": {},
  "mode": "mapped",
  "usage_raw": {},
  "usage": {
    "input_tokens": 5000,
    "output_tokens": 10000,
    "cache_read_tokens": null,
    "cache_write_tokens": null,
    "request_units": null,
    "estimated_cost_usd": 0.15
  },
  "trace": [
    {
      "ts": "2025-01-15T12:00:00Z",
      "type": "run_started",
      "message": "starting"
    },
    {
      "ts": "2025-01-15T12:00:00Z",
      "type": "warning",
      "message": "token budget 95% consumed, stopping early"
    }
  ],
  "artifacts": [],
  "verification": {
    "git_diff": null,
    "git_status": null,
    "harness_ok": false
  },
  "outcome": "partial",
  "receipt_sha256": null
}
