---
source: tests/snapshot_receipts.rs
expression: r
---
{
  "meta": {
    "run_id": "00000000-0000-4000-8000-000000000001",
    "work_order_id": "00000000-0000-4000-8000-000000000002",
    "contract_version": "abp/v0.1",
    "started_at": "2025-01-15T12:00:00Z",
    "finished_at": "2025-01-15T12:00:00Z",
    "duration_ms": 0
  },
  "backend": {
    "id": "sidecar:node",
    "backend_version": null,
    "adapter_version": null
  },
  "capabilities": {},
  "mode": "mapped",
  "usage_raw": {},
  "usage": {
    "input_tokens": null,
    "output_tokens": null,
    "cache_read_tokens": null,
    "cache_write_tokens": null,
    "request_units": null,
    "estimated_cost_usd": null
  },
  "trace": [],
  "artifacts": [],
  "verification": {
    "git_diff": null,
    "git_status": null,
    "harness_ok": false
  },
  "outcome": "complete",
  "receipt_sha256": "df666dde1ee9b130c239367f743518aa4c655aab1ece41f03bd94105b5a85559"
}
