---
source: tests/snapshot_regression.rs
expression: "make_event(AgentEventKind::ToolCall\n{\n    tool_name: \"read\".into(), tool_use_id: Some(\"tu_42\".into()),\n    parent_tool_use_id: Some(\"tu_parent\".into()), input:\n    json!({\"path\": \"src/main.rs\"}),\n})"
---
{
  "ts": "2024-01-01T00:00:00Z",
  "type": "tool_call",
  "tool_name": "read",
  "tool_use_id": "tu_42",
  "parent_tool_use_id": "tu_parent",
  "input": {
    "path": "src/main.rs"
  }
}
