---
source: tests/snapshot_expansion_tests.rs
expression: resp
---
{
  "id": "msg_01test",
  "type": "message",
  "role": "assistant",
  "content": [
    {
      "type": "text",
      "text": "Here's the refactored code."
    }
  ],
  "model": "claude-sonnet-4-20250514",
  "stop_reason": "end_turn",
  "usage": {
    "input_tokens": 500,
    "output_tokens": 200
  }
}
