---
source: tests/snapshot_sdk_types.rs
expression: req
---
{
  "model": "gpt-4",
  "messages": [
    {
      "role": "system",
      "content": "You are a helpful assistant."
    },
    {
      "role": "user",
      "content": "Write a unit test."
    },
    {
      "role": "assistant",
      "tool_calls": [
        {
          "id": "call_001",
          "type": "function",
          "function": {
            "name": "write_file",
            "arguments": "{\"path\":\"test.rs\",\"content\":\"fn it_works() {}\"}"
          }
        }
      ]
    }
  ],
  "tools": [
    {
      "type": "function",
      "function": {
        "name": "write_file",
        "description": "Write content to a file",
        "parameters": {
          "properties": {
            "content": {
              "type": "string"
            },
            "path": {
              "type": "string"
            }
          },
          "required": [
            "path",
            "content"
          ],
          "type": "object"
        }
      }
    }
  ],
  "tool_choice": "auto",
  "temperature": 0.7,
  "max_tokens": 4096
}
