---
source: tests/snapshot_expansion_tests.rs
expression: "make_event(AgentEventKind::ToolCall\n{\n    tool_name: \"write_file\".into(), tool_use_id: Some(\"tu_abc123\".into()),\n    parent_tool_use_id: None, input:\n    json!({\"path\": \"src/cache.rs\", \"content\": \"fn new() {}\"}),\n})"
---
{
  "ts": "2025-06-01T10:00:00Z",
  "type": "tool_call",
  "tool_name": "write_file",
  "tool_use_id": "tu_abc123",
  "parent_tool_use_id": null,
  "input": {
    "content": "fn new() {}",
    "path": "src/cache.rs"
  }
}
